{
 "caches": {
  "maven": {
   "directory": ".m2/repository",
   "type": "shared"
  }
 },
 "deploy": {
  "base": {
   "image": "ghcr.io/railwayapp/railpack-runtime:latest"
  },
  "inputs": [
   {
    "include": [
     "/mise/shims",
     "/mise/installs",
     "/usr/local/bin/mise",
     "/etc/mise/config.toml",
     "/root/.local/state/mise"
    ],
    "step": "packages:mise:runtime"
   },
   {
    "include": [
     "target/."
    ],
    "step": "build"
   }
  ],
  "startCommand": "java  $JAVA_OPTS -jar target/*jar",
  "variables": {
   "JAVA_OPTS": "-Xmx1024m -Xms512m -XX:+UseG1GC",
   "MAVEN_CONFIG": "/root/.m2",
   "MAVEN_OPTS": "-Xmx1024m -Dfile.encoding=UTF-8",
   "SPRING_PROFILES_ACTIVE": "production"
  }
 },
 "steps": [
  {
   "assets": {
    "mise.toml": "[mise.toml]"
   },
   "commands": [
    {
     "path": "/mise/shims"
    },
    {
     "customName": "create mise config",
     "name": "mise.toml",
     "path": "/etc/mise/config.toml"
    },
    {
     "cmd": "sh -c 'mise trust -a \u0026\u0026 mise install'",
     "customName": "install mise packages: java, maven"
    }
   ],
   "inputs": [
    {
     "image": "ghcr.io/railwayapp/railpack-builder:latest"
    }
   ],
   "name": "packages:mise",
   "variables": {
    "MISE_CACHE_DIR": "/mise/cache",
    "MISE_CONFIG_DIR": "/mise",
    "MISE_DATA_DIR": "/mise",
    "MISE_INSTALLS_DIR": "/mise/installs",
    "MISE_NODE_VERIFY": "false",
    "MISE_SHIMS_DIR": "/mise/shims"
   }
  },
  {
   "caches": [
    "maven"
   ],
   "commands": [
    {
     "cmd": "mvn -DoutputFile=target/mvn-dependency-list.log -B -DskipTests clean dependency:list install -Pproduction"
    }
   ],
   "inputs": [
    {
     "step": "packages:mise"
    },
    {
     "include": [
      "."
     ],
     "local": true
    }
   ],
   "name": "build",
   "secrets": [
    "*"
   ]
  },
  {
   "assets": {
    "mise.toml": "[mise.toml]"
   },
   "commands": [
    {
     "path": "/mise/shims"
    },
    {
     "customName": "create mise config",
     "name": "mise.toml",
     "path": "/etc/mise/config.toml"
    },
    {
     "cmd": "sh -c 'mise trust -a \u0026\u0026 mise install'",
     "customName": "install mise packages: java"
    }
   ],
   "inputs": [
    {
     "image": "ghcr.io/railwayapp/railpack-builder:latest"
    }
   ],
   "name": "packages:mise:runtime",
   "variables": {
    "MISE_CACHE_DIR": "/mise/cache",
    "MISE_CONFIG_DIR": "/mise",
    "MISE_DATA_DIR": "/mise",
    "MISE_INSTALLS_DIR": "/mise/installs",
    "MISE_NODE_VERIFY": "false",
    "MISE_SHIMS_DIR": "/mise/shims"
   }
  }
 ]
}