{
 "caches": {
  "apt": {
   "directory": "/var/cache/apt",
   "type": "locked"
  },
  "apt-lists": {
   "directory": "/var/lib/apt/lists",
   "type": "locked"
  }
 },
 "deploy": {
  "base": {
   "step": "packages:apt:runtime"
  },
  "inputs": [
   {
    "include": [
     "/mise/shims",
     "/mise/installs",
     "/usr/local/bin/mise",
     "/etc/mise/config.toml",
     "/root/.local/state/mise"
    ],
    "step": "packages:mise"
   },
   {
    "include": [
     "/usr/local/bundle"
    ],
    "step": "install"
   },
   {
    "include": [
     "/app"
    ],
    "step": "build"
   }
  ],
  "startCommand": "ruby --enable-yjit app.rb",
  "variables": {
   "BUNDLE_GEMFILE": "/app/Gemfile",
   "GEM_HOME": "/usr/local/bundle",
   "GEM_PATH": "/usr/local/bundle",
   "LD_PRELOAD": "/usr/lib/x86_64-linux-gnu/libjemalloc.so",
   "MALLOC_ARENA_MAX": "2"
  }
 },
 "steps": [
  {
   "caches": [
    "apt",
    "apt-lists"
   ],
   "commands": [
    {
     "cmd": "sh -c 'apt-get update \u0026\u0026 apt-get install -y cargo libjemalloc-dev libyaml-dev rustc'",
     "customName": "install apt packages: cargo libjemalloc-dev libyaml-dev rustc"
    }
   ],
   "inputs": [
    {
     "image": "ghcr.io/railwayapp/railpack-builder:latest"
    }
   ],
   "name": "packages:apt:build"
  },
  {
   "assets": {
    "mise.toml": "[mise.toml]"
   },
   "commands": [
    {
     "path": "/mise/shims"
    },
    {
     "customName": "create mise config",
     "name": "mise.toml",
     "path": "/etc/mise/config.toml"
    },
    {
     "cmd": "sh -c 'mise trust -a \u0026\u0026 mise install'",
     "customName": "install mise packages: ruby"
    }
   ],
   "inputs": [
    {
     "step": "packages:apt:build"
    }
   ],
   "name": "packages:mise",
   "variables": {
    "MISE_CACHE_DIR": "/mise/cache",
    "MISE_CONFIG_DIR": "/mise",
    "MISE_DATA_DIR": "/mise",
    "MISE_INSTALLS_DIR": "/mise/installs",
    "MISE_NODE_VERIFY": "false",
    "MISE_SHIMS_DIR": "/mise/shims"
   }
  },
  {
   "commands": [
    {
     "cmd": "gem install -N bundler:2.4.9"
    },
    {
     "dest": "Gemfile",
     "src": "Gemfile"
    },
    {
     "dest": "Gemfile.lock",
     "src": "Gemfile.lock"
    },
    {
     "cmd": "bundle install"
    },
    {
     "path": "/usr/local/bundle"
    }
   ],
   "inputs": [
    {
     "step": "packages:mise"
    }
   ],
   "name": "install",
   "variables": {
    "BUNDLE_GEMFILE": "/app/Gemfile",
    "GEM_HOME": "/usr/local/bundle",
    "GEM_PATH": "/usr/local/bundle",
    "LD_PRELOAD": "/usr/lib/x86_64-linux-gnu/libjemalloc.so",
    "MALLOC_ARENA_MAX": "2"
   }
  },
  {
   "inputs": [
    {
     "step": "install"
    },
    {
     "include": [
      "."
     ],
     "local": true
    }
   ],
   "name": "build",
   "variables": {
    "BUNDLE_GEMFILE": "/app/Gemfile",
    "GEM_HOME": "/usr/local/bundle",
    "GEM_PATH": "/usr/local/bundle",
    "LD_PRELOAD": "/usr/lib/x86_64-linux-gnu/libjemalloc.so",
    "MALLOC_ARENA_MAX": "2"
   }
  },
  {
   "caches": [
    "apt",
    "apt-lists"
   ],
   "commands": [
    {
     "cmd": "sh -c 'apt-get update \u0026\u0026 apt-get install -y libjemalloc-dev libyaml-dev'",
     "customName": "install apt packages: libjemalloc-dev libyaml-dev"
    }
   ],
   "inputs": [
    {
     "image": "ghcr.io/railwayapp/railpack-runtime:latest"
    }
   ],
   "name": "packages:apt:runtime"
  }
 ]
}