{
 "caches": {
  "apt": {
   "directory": "/var/cache/apt",
   "type": "locked"
  },
  "apt-lists": {
   "directory": "/var/lib/apt/lists",
   "type": "locked"
  },
  "bun-install": {
   "directory": "/root/.bun/install/cache",
   "type": "shared"
  },
  "node-modules": {
   "directory": "/app/node_modules/.cache",
   "type": "shared"
  }
 },
 "deploy": {
  "base": {
   "step": "packages:apt:runtime"
  },
  "inputs": [
   {
    "include": [
     "/mise/shims",
     "/mise/installs",
     "/usr/local/bin/mise",
     "/etc/mise/config.toml",
     "/root/.local/state/mise"
    ],
    "step": "packages:mise"
   },
   {
    "include": [
     "/app/node_modules"
    ],
    "step": "build"
   },
   {
    "exclude": [
     "node_modules",
     ".yarn"
    ],
    "include": [
     "/root/.cache",
     "."
    ],
    "step": "build"
   },
   {
    "include": [
     "."
    ],
    "step": "build"
   }
  ],
  "startCommand": "python --version \u0026\u0026 neofetch $HELLO",
  "variables": {
   "CI": "true",
   "NODE_ENV": "production",
   "NPM_CONFIG_FUND": "false",
   "NPM_CONFIG_PRODUCTION": "false",
   "NPM_CONFIG_UPDATE_NOTIFIER": "false"
  }
 },
 "steps": [
  {
   "caches": [
    "apt",
    "apt-lists"
   ],
   "commands": [
    {
     "cmd": "sh -c 'apt-get update \u0026\u0026 apt-get install -y neofetch nodejs'",
     "customName": "install apt packages: neofetch nodejs"
    }
   ],
   "inputs": [
    {
     "image": "ghcr.io/railwayapp/railpack-builder:latest"
    }
   ],
   "name": "packages:apt:build"
  },
  {
   "assets": {
    "mise.toml": "[mise.toml]"
   },
   "commands": [
    {
     "path": "/mise/shims"
    },
    {
     "customName": "create mise config",
     "name": "mise.toml",
     "path": "/etc/mise/config.toml"
    },
    {
     "cmd": "sh -c 'mise trust -a \u0026\u0026 mise install'",
     "customName": "install mise packages: bun, python"
    }
   ],
   "inputs": [
    {
     "step": "packages:apt:build"
    }
   ],
   "name": "packages:mise",
   "variables": {
    "MISE_CACHE_DIR": "/mise/cache",
    "MISE_CONFIG_DIR": "/mise",
    "MISE_DATA_DIR": "/mise",
    "MISE_INSTALLS_DIR": "/mise/installs",
    "MISE_NODE_VERIFY": "false",
    "MISE_SHIMS_DIR": "/mise/shims"
   }
  },
  {
   "caches": [
    "bun-install"
   ],
   "commands": [
    {
     "path": "/app/node_modules/.bin"
    },
    {
     "cmd": "mkdir -p /app/node_modules/.cache"
    },
    {
     "dest": "package.json",
     "src": "package.json"
    },
    {
     "dest": "bun.lockb",
     "src": "bun.lockb"
    },
    {
     "cmd": "bun install --frozen-lockfile"
    }
   ],
   "inputs": [
    {
     "step": "packages:mise"
    }
   ],
   "name": "install",
   "variables": {
    "CI": "true",
    "NODE_ENV": "production",
    "NPM_CONFIG_FUND": "false",
    "NPM_CONFIG_PRODUCTION": "false",
    "NPM_CONFIG_UPDATE_NOTIFIER": "false"
   }
  },
  {
   "caches": [
    "node-modules"
   ],
   "commands": [
    {
     "cmd": "sh -c 'neofetch'",
     "customName": "neofetch"
    }
   ],
   "inputs": [
    {
     "step": "install"
    },
    {
     "include": [
      "."
     ],
     "local": true
    }
   ],
   "name": "build",
   "secrets": [
    "*"
   ],
   "variables": {
    "HELLO": "world"
   }
  },
  {
   "caches": [
    "apt",
    "apt-lists"
   ],
   "commands": [
    {
     "cmd": "sh -c 'apt-get update \u0026\u0026 apt-get install -y neofetch'",
     "customName": "install apt packages: neofetch"
    }
   ],
   "inputs": [
    {
     "image": "ghcr.io/railwayapp/railpack-runtime:latest"
    }
   ],
   "name": "packages:apt:runtime"
  }
 ]
}