{
 "caches": {
  "apt": {
   "directory": "/var/cache/apt",
   "type": "locked"
  },
  "apt-lists": {
   "directory": "/var/lib/apt/lists",
   "type": "locked"
  },
  "node-modules": {
   "directory": "/app/node_modules/.cache",
   "type": "shared"
  },
  "npm-install": {
   "directory": "/root/.npm",
   "type": "shared"
  }
 },
 "deploy": {
  "base": {
   "step": "packages:apt:runtime"
  },
  "inputs": [
   {
    "include": [
     "/mise/shims",
     "/mise/installs",
     "/usr/local/bin/mise",
     "/etc/mise/config.toml",
     "/root/.local/state/mise"
    ],
    "step": "packages:mise"
   },
   {
    "include": [
     "/usr/local/bundle"
    ],
    "step": "install"
   },
   {
    "include": [
     "/app"
    ],
    "step": "build"
   },
   {
    "include": [
     "/app/node_modules"
    ],
    "step": "prune:node"
   },
   {
    "exclude": [
     "node_modules",
     ".yarn"
    ],
    "include": [
     "."
    ],
    "step": "build:node"
   }
  ],
  "startCommand": "ruby app.rb",
  "variables": {
   "BUNDLE_GEMFILE": "/app/Gemfile",
   "GEM_HOME": "/usr/local/bundle",
   "GEM_PATH": "/usr/local/bundle",
   "LD_PRELOAD": "/usr/lib/x86_64-linux-gnu/libjemalloc.so",
   "MALLOC_ARENA_MAX": "2"
  }
 },
 "steps": [
  {
   "caches": [
    "apt",
    "apt-lists"
   ],
   "commands": [
    {
     "cmd": "sh -c 'apt-get update \u0026\u0026 apt-get install -y libjemalloc-dev libyaml-dev'",
     "customName": "install apt packages: libjemalloc-dev libyaml-dev"
    }
   ],
   "inputs": [
    {
     "image": "ghcr.io/railwayapp/railpack-builder:latest"
    }
   ],
   "name": "packages:apt:build"
  },
  {
   "assets": {
    "mise.toml": "[mise.toml]"
   },
   "commands": [
    {
     "path": "/mise/shims"
    },
    {
     "customName": "create mise config",
     "name": "mise.toml",
     "path": "/etc/mise/config.toml"
    },
    {
     "cmd": "sh -c 'mise trust -a \u0026\u0026 mise install'",
     "customName": "install mise packages: node, ruby"
    }
   ],
   "inputs": [
    {
     "step": "packages:apt:build"
    }
   ],
   "name": "packages:mise",
   "variables": {
    "MISE_CACHE_DIR": "/mise/cache",
    "MISE_CONFIG_DIR": "/mise",
    "MISE_DATA_DIR": "/mise",
    "MISE_INSTALLS_DIR": "/mise/installs",
    "MISE_NODE_VERIFY": "false",
    "MISE_SHIMS_DIR": "/mise/shims"
   }
  },
  {
   "commands": [
    {
     "cmd": "gem install -N bundler:2.3.7"
    },
    {
     "dest": "Gemfile",
     "src": "Gemfile"
    },
    {
     "dest": "Gemfile.lock",
     "src": "Gemfile.lock"
    },
    {
     "cmd": "bundle install"
    },
    {
     "path": "/usr/local/bundle"
    }
   ],
   "inputs": [
    {
     "step": "packages:mise"
    }
   ],
   "name": "install",
   "variables": {
    "BUNDLE_GEMFILE": "/app/Gemfile",
    "GEM_HOME": "/usr/local/bundle",
    "GEM_PATH": "/usr/local/bundle",
    "LD_PRELOAD": "/usr/lib/x86_64-linux-gnu/libjemalloc.so",
    "MALLOC_ARENA_MAX": "2"
   }
  },
  {
   "caches": [
    "npm-install"
   ],
   "commands": [
    {
     "path": "/app/node_modules/.bin"
    },
    {
     "cmd": "mkdir -p /app/node_modules/.cache"
    },
    {
     "dest": "package.json",
     "src": "package.json"
    },
    {
     "dest": "package-lock.json",
     "src": "package-lock.json"
    },
    {
     "cmd": "npm ci"
    }
   ],
   "inputs": [
    {
     "step": "packages:mise"
    }
   ],
   "name": "install:node",
   "variables": {
    "CI": "true",
    "NODE_ENV": "production",
    "NPM_CONFIG_FUND": "false",
    "NPM_CONFIG_PRODUCTION": "false",
    "NPM_CONFIG_UPDATE_NOTIFIER": "false"
   }
  },
  {
   "caches": [
    "npm-install"
   ],
   "commands": [
    {
     "cmd": "npm prune --omit=dev --ignore-scripts"
    }
   ],
   "inputs": [
    {
     "step": "install:node"
    }
   ],
   "name": "prune:node",
   "variables": {
    "NPM_CONFIG_PRODUCTION": "true"
   }
  },
  {
   "caches": [
    "node-modules"
   ],
   "inputs": [
    {
     "step": "install"
    },
    {
     "include": [
      ".",
      "/mise/shims",
      "/mise/installs",
      "/usr/local/bin/mise",
      "/etc/mise/config.toml",
      "/root/.local/state/mise"
     ],
     "step": "install:node"
    },
    {
     "include": [
      "."
     ],
     "local": true
    }
   ],
   "name": "build:node",
   "secrets": [
    "*"
   ]
  },
  {
   "inputs": [
    {
     "step": "install"
    },
    {
     "include": [
      "."
     ],
     "local": true
    }
   ],
   "name": "build",
   "variables": {
    "BUNDLE_GEMFILE": "/app/Gemfile",
    "GEM_HOME": "/usr/local/bundle",
    "GEM_PATH": "/usr/local/bundle",
    "LD_PRELOAD": "/usr/lib/x86_64-linux-gnu/libjemalloc.so",
    "MALLOC_ARENA_MAX": "2"
   }
  },
  {
   "caches": [
    "apt",
    "apt-lists"
   ],
   "commands": [
    {
     "cmd": "sh -c 'apt-get update \u0026\u0026 apt-get install -y libjemalloc-dev libyaml-dev'",
     "customName": "install apt packages: libjemalloc-dev libyaml-dev"
    }
   ],
   "inputs": [
    {
     "image": "ghcr.io/railwayapp/railpack-runtime:latest"
    }
   ],
   "name": "packages:apt:runtime"
  }
 ]
}